// Jest Snapshot v1, https://goo.gl/fbAQLP

exports[`LogListItem renders correctly 1`] = `
Object {
  "asFragment": [Function],
  "baseElement": <body>
    <div>
      <div
        class="log-list-item"
      >
        <div
          class="log-list-item-details"
        >
          <div
            class="dive-site"
          >
            Cauldron
          </div>
          <div
            class="country-region"
          >
            Indonesia - Komodo
          </div>
          <div
            class="date"
          >
            Tue Jan 19 1993
          </div>
        </div>
        <div
          class="log-list-item-image-container"
        >
          <img
            alt="Dive Thumbnail"
            aria-label="log list item image"
            class="log-list-item-image"
            src="https://res.cloudinary.com/da5khewdo/image/upload/v1601454400/irpdqrvb3rrirxshf4qq.png"
          />
        </div>
      </div>
    </div>
  </body>,
  "container": <div>
    <div
      class="log-list-item"
    >
      <div
        class="log-list-item-details"
      >
        <div
          class="dive-site"
        >
          Cauldron
        </div>
        <div
          class="country-region"
        >
          Indonesia - Komodo
        </div>
        <div
          class="date"
        >
          Tue Jan 19 1993
        </div>
      </div>
      <div
        class="log-list-item-image-container"
      >
        <img
          alt="Dive Thumbnail"
          aria-label="log list item image"
          class="log-list-item-image"
          src="https://res.cloudinary.com/da5khewdo/image/upload/v1601454400/irpdqrvb3rrirxshf4qq.png"
        />
      </div>
    </div>
  </div>,
  "debug": [Function],
  "findAllByAltText": [Function],
  "findAllByDisplayValue": [Function],
  "findAllByLabelText": [Function],
  "findAllByPlaceholderText": [Function],
  "findAllByRole": [Function],
  "findAllByTestId": [Function],
  "findAllByText": [Function],
  "findAllByTitle": [Function],
  "findByAltText": [Function],
  "findByDisplayValue": [Function],
  "findByLabelText": [Function],
  "findByPlaceholderText": [Function],
  "findByRole": [Function],
  "findByTestId": [Function],
  "findByText": [Function],
  "findByTitle": [Function],
  "getAllByAltText": [Function],
  "getAllByDisplayValue": [Function],
  "getAllByLabelText": [Function],
  "getAllByPlaceholderText": [Function],
  "getAllByRole": [Function],
  "getAllByTestId": [Function],
  "getAllByText": [Function],
  "getAllByTitle": [Function],
  "getByAltText": [Function],
  "getByDisplayValue": [Function],
  "getByLabelText": [Function],
  "getByPlaceholderText": [Function],
  "getByRole": [Function],
  "getByTestId": [Function],
  "getByText": [Function],
  "getByTitle": [Function],
  "queryAllByAltText": [Function],
  "queryAllByDisplayValue": [Function],
  "queryAllByLabelText": [Function],
  "queryAllByPlaceholderText": [Function],
  "queryAllByRole": [Function],
  "queryAllByTestId": [Function],
  "queryAllByText": [Function],
  "queryAllByTitle": [Function],
  "queryByAltText": [Function],
  "queryByDisplayValue": [Function],
  "queryByLabelText": [Function],
  "queryByPlaceholderText": [Function],
  "queryByRole": [Function],
  "queryByTestId": [Function],
  "queryByText": [Function],
  "queryByTitle": [Function],
  "rerender": [Function],
  "unmount": [Function],
}
`;
